[    0.000000] Initializing cgroup subsys cpuset
[    0.000000] Initializing cgroup subsys cpu
[    0.000000] Initializing cgroup subsys cpuacct
[    0.000000] Linux version 4.4.0-72-generic (buildd@lcy01-17) (gcc version 5.4.0 20160609 (Ubuntu 5.4.0-6ubuntu1~16.04.4) ) #93-Ubuntu SMP Fri Mar 31 14:07:41 UTC 2017 (Ubuntu 4.4.0-72.93-generic 4.4.49)
[    0.000000] Command line: BOOT_IMAGE=/boot/vmlinuz-4.4.0-72-generic root=UUID=29aa9810-c13e-42a1-8136-376cf7f85bcf ro console=tty1 console=ttyS0
[    0.000000] KERNEL supported cpus:
[    0.000000]   Intel GenuineIntel
[    0.000000]   AMD AuthenticAMD
[    0.000000]   Centaur CentaurHauls
[    0.000000] x86/fpu: xstate_offset[2]:  576, xstate_sizes[2]:  256
[    0.000000] x86/fpu: Supporting XSAVE feature 0x01: 'x87 floating point registers'
[    0.000000] x86/fpu: Supporting XSAVE feature 0x02: 'SSE registers'
[    0.000000] x86/fpu: Supporting XSAVE feature 0x04: 'AVX registers'
[    0.000000] x86/fpu: Enabled xstate features 0x7, context size is 832 bytes, using 'standard' format.
[    0.000000] x86/fpu: Using 'lazy' FPU context switches.
[    0.000000] e820: BIOS-provided physical RAM map:
[    0.000000] BIOS-e820: [mem 0x0000000000000000-0x000000000009fbff] usable
[    0.000000] BIOS-e820: [mem 0x000000000009fc00-0x000000000009ffff] reserved
[    0.000000] BIOS-e820: [mem 0x00000000000f0000-0x00000000000fffff] reserved
[    0.000000] BIOS-e820: [mem 0x0000000000100000-0x000000005ffeffff] usable
[    0.000000] BIOS-e820: [mem 0x000000005fff0000-0x000000005fffffff] ACPI data
[    0.000000] BIOS-e820: [mem 0x00000000fec00000-0x00000000fec00fff] reserved
[    0.000000] BIOS-e820: [mem 0x00000000fee00000-0x00000000fee00fff] reserved
[    0.000000] BIOS-e820: [mem 0x00000000fffc0000-0x00000000ffffffff] reserved
[    0.000000] NX (Execute Disable) protection: active
[    0.000000] SMBIOS 2.5 present.
[    0.000000] Hypervisor detected: KVM
[    0.000000] e820: last_pfn = 0x5fff0 max_arch_pfn = 0x400000000
[    0.000000] MTRR: Disabled
[    0.000000] x86/PAT: MTRRs disabled, skipping PAT initialization too.
[    0.000000] x86/PAT: Configuration [0-7]: WB  WT  UC- UC  WB  WT  UC- UC  
[    0.000000] CPU MTRRs all blank - virtualized system.
[    0.000000] found SMP MP-table at [mem 0x0009fff0-0x0009ffff] mapped at [ffff88000009fff0]
[    0.000000] Scanning 1 areas for low memory corruption
[    0.000000] RAMDISK: [mem 0x36238000-0x37113fff]
[    0.000000] ACPI: Early table checksum verification disabled
[    0.000000] ACPI: RSDP 0x00000000000E0000 000024 (v02 VBOX  )
[    0.000000] ACPI: XSDT 0x000000005FFF0030 00003C (v01 VBOX   VBOXXSDT 00000001 ASL  00000061)
[    0.000000] ACPI: FACP 0x000000005FFF00F0 0000F4 (v04 VBOX   VBOXFACP 00000001 ASL  00000061)
[    0.000000] ACPI: DSDT 0x000000005FFF0470 0021C8 (v02 VBOX   VBOXBIOS 00000002 INTL 20100528)
[    0.000000] ACPI: FACS 0x000000005FFF0200 000040
[    0.000000] ACPI: FACS 0x000000005FFF0200 000040
[    0.000000] ACPI: APIC 0x000000005FFF0240 00005C (v02 VBOX   VBOXAPIC 00000001 ASL  00000061)
[    0.000000] ACPI: SSDT 0x000000005FFF02A0 0001CC (v01 VBOX   VBOXCPUT 00000002 INTL 20100528)
[    0.000000] No NUMA configuration found
[    0.000000] Faking a node at [mem 0x0000000000000000-0x000000005ffeffff]
[    0.000000] NODE_DATA(0) allocated [mem 0x5ffeb000-0x5ffeffff]
[    0.000000] kvm-clock: Using msrs 4b564d01 and 4b564d00
[    0.000000] kvm-clock: cpu 0, msr 0:5ffe3001, primary cpu clock
[    0.000000] kvm-clock: using sched offset of 3480309621 cycles
[    0.000000] clocksource: kvm-clock: mask: 0xffffffffffffffff max_cycles: 0x1cd42e4dffb, max_idle_ns: 881590591483 ns
[    0.000000] Zone ranges:
[    0.000000]   DMA      [mem 0x0000000000001000-0x0000000000ffffff]
[    0.000000]   DMA32    [mem 0x0000000001000000-0x000000005ffeffff]
[    0.000000]   Normal   empty
[    0.000000]   Device   empty
[    0.000000] Movable zone start for each node
[    0.000000] Early memory node ranges
[    0.000000]   node   0: [mem 0x0000000000001000-0x000000000009efff]
[    0.000000]   node   0: [mem 0x0000000000100000-0x000000005ffeffff]
[    0.000000] Initmem setup node 0 [mem 0x0000000000001000-0x000000005ffeffff]
[    0.000000] ACPI: PM-Timer IO Port: 0x4008
[    0.000000] IOAPIC[0]: apic_id 2, version 32, address 0xfec00000, GSI 0-23
[    0.000000] ACPI: INT_SRC_OVR (bus 0 bus_irq 0 global_irq 2 dfl dfl)
[    0.000000] ACPI: INT_SRC_OVR (bus 0 bus_irq 9 global_irq 9 high level)
[    0.000000] Using ACPI (MADT) for SMP configuration information
[    0.000000] smpboot: Allowing 2 CPUs, 0 hotplug CPUs
[    0.000000] PM: Registered nosave memory: [mem 0x00000000-0x00000fff]
[    0.000000] PM: Registered nosave memory: [mem 0x0009f000-0x0009ffff]
[    0.000000] PM: Registered nosave memory: [mem 0x000a0000-0x000effff]
[    0.000000] PM: Registered nosave memory: [mem 0x000f0000-0x000fffff]
[    0.000000] e820: [mem 0x60000000-0xfebfffff] available for PCI devices
[    0.000000] Booting paravirtualized kernel on KVM
[    0.000000] clocksource: refined-jiffies: mask: 0xffffffff max_cycles: 0xffffffff, max_idle_ns: 7645519600211568 ns
[    0.000000] setup_percpu: NR_CPUS:512 nr_cpumask_bits:512 nr_cpu_ids:2 nr_node_ids:1
[    0.000000] PERCPU: Embedded 33 pages/cpu @ffff88005fc00000 s98264 r8192 d28712 u1048576
[    0.000000] PV qspinlock hash table entries: 256 (order: 0, 4096 bytes)
[    0.000000] Built 1 zonelists in Node order, mobility grouping on.  Total pages: 386937
[    0.000000] Policy zone: DMA32
[    0.000000] Kernel command line: BOOT_IMAGE=/boot/vmlinuz-4.4.0-72-generic root=UUID=29aa9810-c13e-42a1-8136-376cf7f85bcf ro console=tty1 console=ttyS0
[    0.000000] PID hash table entries: 4096 (order: 3, 32768 bytes)
[    0.000000] Memory: 1513460K/1572408K available (8452K kernel code, 1293K rwdata, 3976K rodata, 1484K init, 1316K bss, 58948K reserved, 0K cma-reserved)
[    0.000000] SLUB: HWalign=64, Order=0-3, MinObjects=0, CPUs=2, Nodes=1
[    0.000000] Hierarchical RCU implementation.
[    0.000000] 	Build-time adjustment of leaf fanout to 64.
[    0.000000] 	RCU restricting CPUs from NR_CPUS=512 to nr_cpu_ids=2.
[    0.000000] RCU: Adjusting geometry for rcu_fanout_leaf=64, nr_cpu_ids=2
[    0.000000] NR_IRQS:33024 nr_irqs:440 16
[    0.000000] Console: colour VGA+ 80x25
[    0.000000] console [tty1] enabled
[    0.000000] console [ttyS0] enabled
[    0.000000] tsc: Detected 2494.234 MHz processor
[   17.320128] Calibrating delay loop (skipped) preset value.. 4988.46 BogoMIPS (lpj=9976936)
[   17.585854] pid_max: default: 32768 minimum: 301
[   17.736442] ACPI: Core revision 20150930
[   17.853369] ACPI: 2 ACPI AML tables successfully acquired and loaded
[   17.957176] Security Framework initialized
[   18.096653] Yama: becoming mindful.
[   18.200715] AppArmor: AppArmor initialized
[   18.341788] Dentry cache hash table entries: 262144 (order: 9, 2097152 bytes)
[   18.576327] Inode-cache hash table entries: 131072 (order: 8, 1048576 bytes)
[   18.817364] Mount-cache hash table entries: 4096 (order: 3, 32768 bytes)
[   19.013365] Mountpoint-cache hash table entries: 4096 (order: 3, 32768 bytes)
[   19.248013] Initializing cgroup subsys io
[   19.379592] Initializing cgroup subsys memory
[   19.525690] Initializing cgroup subsys devices
[   19.676766] Initializing cgroup subsys freezer
[   19.821370] Initializing cgroup subsys net_cls
[   19.964955] Initializing cgroup subsys perf_event
[   20.101087] Initializing cgroup subsys net_prio
[   20.249182] Initializing cgroup subsys hugetlb
[   20.395259] Initializing cgroup subsys pids
[   20.528434] CPU: Physical Processor ID: 0
[   20.659453] CPU: Processor Core ID: 0
[   20.783839] mce: CPU supports 0 MCE banks
[   20.917196] Last level iTLB entries: 4KB 1024, 2MB 1024, 4MB 1024
[   21.055824] Last level dTLB entries: 4KB 1024, 2MB 1024, 4MB 1024, 1GB 4
[   21.285178] Freeing SMP alternatives memory: 32K (ffffffff820b8000 - ffffffff820c0000)
[   21.559422] ftrace: allocating 32111 entries in 126 pages
[   21.659485] smpboot: APIC(0) Converting physical 0 to logical package 0
[   21.882364] smpboot: Max logical packages: 1
[   22.024611] x2apic enabled
[   22.090291] Switched APIC routing to physical x2apic.
[   22.252088] ..TIMER: vector=0x30 apic1=0 pin1=2 apic2=-1 pin2=-1
[   22.570998] smpboot: CPU0: Intel(R) Core(TM) i7-4710HQ CPU @ 2.50GHz (family: 0x6, model: 0x3c, stepping: 0x3)
[   22.904528] Performance Events: unsupported p6 CPU model 60 no PMU driver, software events only.
[   23.170408] KVM setup paravirtual spinlock
[   23.304035] x86: Booting SMP configuration:
[   23.449960] .... node  #0, CPUs:      #1
[   23.570440] kvm-clock: cpu 1, msr 0:5ffe3041, secondary cpu clock
[   23.749729] mce: CPU supports 0 MCE banks
[   23.855537] x86: Booted up 1 node, 2 CPUs
[   23.977553] smpboot: Total of 2 processors activated (9976.93 BogoMIPS)
[   24.195038] devtmpfs: initialized
[   24.301292] evm: security.selinux
[   24.420225] evm: security.SMACK64
[   24.532341] evm: security.SMACK64EXEC
[   24.668278] evm: security.SMACK64TRANSMUTE
[   24.800074] evm: security.SMACK64MMAP
[   24.893611] evm: security.ima
[   24.984170] evm: security.capability
[   25.067980] clocksource: jiffies: mask: 0xffffffff max_cycles: 0xffffffff, max_idle_ns: 7645041785100000 ns
[   25.384993] pinctrl core: initialized pinctrl subsystem
[   25.563194] RTC time:  0:23:45, date: 04/09/17
[   25.722337] NET: Registered protocol family 16
[   25.887532] cpuidle: using governor ladder
[   26.040651] cpuidle: using governor menu
[   26.167350] PCCT header not found.
[   26.281755] ACPI: bus type PCI registered
[   26.384333] acpiphp: ACPI Hot Plug PCI Controller Driver version: 0.5
[   26.597584] PCI: Using configuration type 1 for base access
[   26.748718] ACPI: Added _OSI(Module Device)
[   26.871171] ACPI: Added _OSI(Processor Device)
[   26.977703] ACPI: Added _OSI(3.0 _SCP Extensions)
[   27.133813] ACPI: Added _OSI(Processor Aggregator Device)
[   27.253167] ACPI: Executed 1 blocks of module-level executable AML code
[   27.256798] ACPI: Interpreter enabled
[   27.360450] ACPI: (supports S0 S5)
[   27.462563] ACPI: Using IOAPIC for interrupt routing
[   27.630763] PCI: Using host bridge windows from ACPI; if necessary, use "pci=nocrs" and report a bug
[   27.873338] ACPI: PCI Root Bridge [PCI0] (domain 0000 [bus 00-ff])
[   28.089606] acpi PNP0A03:00: _OSC: OS supports [ASPM ClockPM Segments MSI]
[   28.330981] acpi PNP0A03:00: _OSC failed (AE_NOT_FOUND); disabling ASPM
[   28.477523] acpi PNP0A03:00: fail to add MMCONFIG information, can't access extended PCI configuration space under this bridge.
[   28.852952] PCI host bridge to bus 0000:00
[   28.992491] pci_bus 0000:00: root bus resource [io  0x0000-0x0cf7 window]
[   29.168906] pci_bus 0000:00: root bus resource [io  0x0d00-0xffff window]
[   29.195105] pci_bus 0000:00: root bus resource [mem 0x000a0000-0x000bffff window]
[   29.207486] pci_bus 0000:00: root bus resource [mem 0x60000000-0xffdfffff window]
[   29.294952] pci_bus 0000:00: root bus resource [bus 00-ff]
[   29.297325] pci 0000:00:01.1: legacy IDE quirk: reg 0x10: [io  0x01f0-0x01f7]
[   29.315299] pci 0000:00:01.1: legacy IDE quirk: reg 0x14: [io  0x03f6]
[   29.498562] pci 0000:00:01.1: legacy IDE quirk: reg 0x18: [io  0x0170-0x0177]
[   29.613207] pci 0000:00:01.1: legacy IDE quirk: reg 0x1c: [io  0x0376]
[   29.685994] pci 0000:00:07.0: quirk: [io  0x4000-0x403f] claimed by PIIX4 ACPI
[   29.715838] pci 0000:00:07.0: quirk: [io  0x4100-0x410f] claimed by PIIX4 SMB
[   29.734401] ACPI: PCI Interrupt Link [LNKA] (IRQs 5 9 10 *11)
[   29.762691] ACPI: PCI Interrupt Link [LNKB] (IRQs 5 9 10 *11)
[   29.778348] ACPI: PCI Interrupt Link [LNKC] (IRQs 5 9 *10 11)
[   29.798993] ACPI: PCI Interrupt Link [LNKD] (IRQs 5 *9 10 11)
[   29.891155] ACPI: Enabled 2 GPEs in block 00 to 07
[   29.957700] vgaarb: setting as boot device: PCI:0000:00:02.0
[   29.997770] vgaarb: device added: PCI:0000:00:02.0,decodes=io+mem,owns=io+mem,locks=none
[   30.142396] vgaarb: loaded
[   30.213134] vgaarb: bridge control possible 0000:00:02.0
[   30.365380] SCSI subsystem initialized
[   30.397847] ACPI: bus type USB registered
[   30.519504] usbcore: registered new interface driver usbfs
[   30.570782] usbcore: registered new interface driver hub
[   30.676119] usbcore: registered new device driver usb
[   30.823792] PCI: Using ACPI for IRQ routing
[   30.824868] NetLabel: Initializing
[   30.926056] NetLabel:  domain hash size = 128
[   31.062672] NetLabel:  protocols = UNLABELED CIPSOv4
[   31.216921] NetLabel:  unlabeled traffic allowed by default
[   31.391653] amd_nb: Cannot enumerate AMD northbridges
[   31.550160] clocksource: Switched to clocksource kvm-clock
[   31.687224] AppArmor: AppArmor Filesystem Enabled
[   31.840087] pnp: PnP ACPI init
[   31.937624] pnp: PnP ACPI: found 3 devices
[   32.066439] clocksource: acpi_pm: mask: 0xffffff max_cycles: 0xffffff, max_idle_ns: 2085701024 ns
[   32.366974] NET: Registered protocol family 2
[   32.510890] TCP established hash table entries: 16384 (order: 5, 131072 bytes)
[   32.709146] TCP bind hash table entries: 16384 (order: 6, 262144 bytes)
[   32.902637] TCP: Hash tables configured (established 16384 bind 16384)
[   33.119321] UDP hash table entries: 1024 (order: 3, 32768 bytes)
[   33.312471] UDP-Lite hash table entries: 1024 (order: 3, 32768 bytes)
[   33.527159] NET: Registered protocol family 1
[   33.676207] pci 0000:00:00.0: Limiting direct PCI/PCI transfers
[   33.869386] pci 0000:00:01.0: Activating ISA DMA hang workarounds
[   34.078158] Unpacking initramfs...
[   34.389303] Freeing initrd memory: 15216K (ffff880036238000 - ffff880037114000)
[   34.614691] RAPL PMU detected, API unit is 2^-32 Joules, 4 fixed counters 10737418240 ms ovfl timer
[   34.865367] hw unit of domain pp0-core 2^-0 Joules
[   35.000603] hw unit of domain package 2^-0 Joules
[   35.126223] hw unit of domain dram 2^-0 Joules
[   35.234612] hw unit of domain pp1-gpu 2^-0 Joules
[   35.293346] platform rtc_cmos: registered platform RTC device (no PNP device found)
[   35.310728] Scanning for low memory corruption every 60 seconds
[   35.403535] futex hash table entries: 512 (order: 3, 32768 bytes)
[   35.482893] audit: initializing netlink subsys (disabled)
[   35.499242] audit: type=2000 audit(1491697408.815:1): initialized
[   35.500343] Initialise system trusted keyring
[   35.501260] HugeTLB registered 2 MB page size, pre-allocated 0 pages
[   35.529063] zbud: loaded
[   35.561840] VFS: Disk quotas dquot_6.6.0
[   35.562472] VFS: Dquot-cache hash table entries: 512 (order 0, 4096 bytes)
[   35.563604] squashfs: version 4.0 (2009/01/31) Phillip Lougher
[   35.564696] fuse init (API version 7.23)
[   35.586978] Key type big_key registered
[   35.587686] Allocating IMA MOK and blacklist keyrings.
[   35.610125] Key type asymmetric registered
[   35.611900] Asymmetric key parser 'x509' registered
[   35.612691] Block layer SCSI generic (bsg) driver version 0.4 loaded (major 249)
[   35.614049] io scheduler noop registered
[   35.616235] io scheduler deadline registered (default)
[   35.693346] io scheduler cfq registered
[   35.696011] pci_hotplug: PCI Hot Plug PCI Core version: 0.5
[   35.782528] pciehp: PCI Express Hot Plug Controller Driver version: 0.4
[   35.803070] ACPI: AC Adapter [AC] (on-line)
[   35.803798] input: Power Button as /devices/LNXSYSTM:00/LNXPWRBN:00/input/input0
[   35.812957] ACPI: Power Button [PWRF]
[   35.813694] input: Sleep Button as /devices/LNXSYSTM:00/LNXSLPBN:00/input/input1
[   35.814932] ACPI: Sleep Button [SLPF]
[   35.816165] ACPI: Battery Slot [BAT0] (battery present)
[   35.816924] GHES: HEST is not enabled!
[   35.817617] Serial: 8250/16550 driver, 32 ports, IRQ sharing enabled
[   35.840166] 00:02: ttyS0 at I/O 0x3f8 (irq = 4, base_baud = 115200) is a 16550A
[   35.898653] Linux agpgart interface v0.103
[   36.024231] loop: module loaded
[   36.117986] scsi host0: ata_piix
[   36.174842] scsi host1: ata_piix
[   36.239507] ata1: PATA max UDMA/33 cmd 0x1f0 ctl 0x3f6 bmdma 0xd000 irq 14
[   36.368293] ata2: PATA max UDMA/33 cmd 0x170 ctl 0x376 bmdma 0xd008 irq 15
[   36.399902] tsc: Refined TSC clocksource calibration: 2495.005 MHz
[   36.403018] libphy: Fixed MDIO Bus: probed
[   36.403021] tun: Universal TUN/TAP device driver, 1.6
[   36.403022] tun: (C) 1999-2004 Max Krasnyansky <maxk@qualcomm.com>
[   36.433205] clocksource: tsc: mask: 0xffffffffffffffff max_cycles: 0x23f6cb0e60f, max_idle_ns: 440795257864 ns
[   36.438727] PPP generic driver version 2.4.2
[   36.579139] ehci_hcd: USB 2.0 'Enhanced' Host Controller (EHCI) Driver
[   36.805273] ehci-pci: EHCI PCI platform driver
[   36.951764] ehci-platform: EHCI generic platform driver
[   37.081856] ohci_hcd: USB 1.1 'Open' Host Controller (OHCI) Driver
[   37.294565] ohci-pci: OHCI PCI platform driver
[   37.433733] ohci-platform: OHCI generic platform driver
[   37.606790] uhci_hcd: USB Universal Host Controller Interface driver
[   37.810499] i8042: PNP: PS/2 Controller [PNP0303:PS2K,PNP0f03:PS2M] at 0x60,0x64 irq 1,12
[   38.006331] serio: i8042 KBD port at 0x60,0x64 irq 1
[   38.111606] serio: i8042 AUX port at 0x60,0x64 irq 12
[   38.245432] mousedev: PS/2 mouse device common for all mice
[   38.433950] rtc_cmos rtc_cmos: rtc core: registered rtc_cmos as rtc0
[   38.642140] input: AT Translated Set 2 keyboard as /devices/platform/i8042/serio0/input/input2
[   38.901015] rtc_cmos rtc_cmos: alarms up to one day, 114 bytes nvram
[   39.060989] i2c /dev entries driver
[   39.070610] device-mapper: uevent: version 1.0.3
[   39.108421] device-mapper: ioctl: 4.34.0-ioctl (2015-10-28) initialised: dm-devel@redhat.com
[   39.360845] ledtrig-cpu: registered to indicate activity on CPUs
[   39.562622] NET: Registered protocol family 10
[   39.563476] NET: Registered protocol family 17
[   39.564195] Key type dns_resolver registered
[   39.565032] microcode: CPU0 sig=0x306c3, pf=0x40, revision=0x0
[   39.565885] microcode: CPU1 sig=0x306c3, pf=0x40, revision=0x0
[   39.566859] microcode: Microcode Update Driver: v2.01 <tigran@aivazian.fsnet.co.uk>, Peter Oruba
[   39.568542] registered taskstats version 1
[   39.569264] Loading compiled-in X.509 certificates
[   39.570929] Loaded X.509 cert 'Build time autogenerated kernel key: 04ae903e4643330d1fe41947e79c28b436494994'
[   39.930775] zswap: loaded using pool lzo/zbud
[   40.064163] Key type trusted registered
[   40.151250] Key type encrypted registered
[   40.268288] AppArmor: AppArmor sha1 policy hashing enabled
[   40.452944] ima: No TPM chip found, activating TPM-bypass!
[   40.624647] evm: HMAC attrs: 0x1
[   40.727969]   Magic number: 13:481:354
[   40.779786]   hash matches /build/linux-wXdoVv/linux-4.4.0/drivers/base/power/main.c:1168
[   40.781019] input event0: hash matches
[   40.781722] rtc_cmos rtc_cmos: setting system clock to 2017-04-09 00:24:00 UTC (1491697440)
[   40.783167] BIOS EDD facility v0.16 2004-Jun-25, 0 devices found
[   40.784167] EDD information not available.
[   40.785951] Freeing unused kernel memory: 1484K (ffffffff81f45000 - ffffffff820b8000)
[   40.787184] Write protecting the kernel read-only data: 14336k
[   40.805633] Freeing unused kernel memory: 1776K (ffff880001844000 - ffff880001a00000)
[   40.807388] Freeing unused kernel memory: 120K (ffff880001de2000 - ffff880001e00000)
Loading, please wait...
starting version[   40.823611] random: systemd-udevd: uninitialized urandom read (16 bytes read, 5 bits of entropy available)
 229
[   40.824034] random: udevadm: uninitialized urandom read (16 bytes read, 5 bits of entropy available)
[   40.824083] random: udevadm: uninitialized urandom read (16 bytes read, 5 bits of entropy available)
[   40.824198] random: udevadm: uninitialized urandom read (16 bytes read, 5 bits of entropy available)
[   40.824231] random: udevadm: uninitialized urandom read (16 bytes read, 5 bits of entropy available)
[   40.824263] random: udevadm: uninitialized urandom read (16 bytes read, 5 bits of entropy available)
[   40.824294] random: udevadm: uninitialized urandom read (16 bytes read, 5 bits of entropy available)
[   40.824328] random: udevadm: uninitialized urandom read (16 bytes read, 5 bits of entropy available)
[   40.824358] random: udevadm: uninitialized urandom read (16 bytes read, 5 bits of entropy available)
[   40.824387] random: udevadm: uninitialized urandom read (16 bytes read, 5 bits of entropy available)
[   42.976362] e1000: Intel(R) PRO/1000 Network Driver - version 7.3.21-k8-NAPI
[   43.203096] e1000: Copyright (c) 1999-2006 Intel Corporation.
[   43.295333] Fusion MPT base driver 3.04.20
[   43.315492] Copyright (c) 1999-2008 LSI Corporation
[   43.323609] Fusion MPT SPI Host driver 3.04.20
[   43.347906] AVX version of gcm_enc/dec engaged.
[   43.487783] AES CTR mode by8 optimization enabled
[   43.574498] mptbase: ioc0: Initiating bringup
[   43.575625] input: ImExPS/2 Generic Explorer Mouse as /devices/platform/i8042/serio1/input/input4
[   43.638602] ioc0: LSI53C1030 A0: Capabilities={Initiator}
[   44.002325] scsi host2: ioc0: LSI53C1030 A0, FwRev=00000000h, Ports=1, MaxQ=256, IRQ=20
[   44.407542] scsi 2:0:0:0: Direct-Access     VBOX     HARDDISK         1.0  PQ: 0 ANSI: 5
[   44.580636] scsi target2:0:0: Beginning Domain Validation
[   44.742484] scsi target2:0:0: Domain Validation skipping write tests
[   44.744850] scsi target2:0:0: Ending Domain Validation
[   44.745664] scsi target2:0:0: asynchronous
[   44.746660] scsi 2:0:1:0: Direct-Access     VBOX     HARDDISK         1.0  PQ: 0 ANSI: 5
[   44.747894] scsi target2:0:1: Beginning Domain Validation
[   44.749511] scsi target2:0:1: Domain Validation skipping write tests
[   44.750392] scsi target2:0:1: Ending Domain Validation
[   44.751219] scsi target2:0:1: asynchronous
[   44.765598] e1000 0000:00:03.0 eth0: (PCI:33MHz:32-bit) 02:1b:66:ab:e9:71
[   44.995927] e1000 0000:00:03.0 eth0: Intel(R) PRO/1000 Network Connection
[   45.219523] e1000 0000:00:03.0 enp0s3: renamed from eth0
[   45.408541] sd 2:0:0:0: Attached scsi generic sg0 type 0
[   45.410935] sd 2:0:0:0: [sda] 20971520 512-byte logical blocks: (10.7 GB/10.0 GiB)
[   45.418610] sd 2:0:0:0: [sda] Write Protect is off
[   45.418720] sd 2:0:1:0: [sdb] 20480 512-byte logical blocks: (10.5 MB/10.0 MiB)
[   45.418849] sd 2:0:1:0: [sdb] Write Protect is off
[   45.419004] sd 2:0:1:0: [sdb] Incomplete mode parameter data
[   45.419005] sd 2:0:1:0: [sdb] Assuming drive cache: write through
[   45.527258] sd 2:0:1:0: Attached scsi generic sg1 type 0
[   45.569986] sd 2:0:1:0: [sdb] Attached SCSI disk
[   46.578957] floppy0: no floppy controllers found
[   46.578992] work still pending
[   46.770990] sd 2:0:0:0: [sda] Incomplete mode parameter data
[   46.771872] sd 2:0:0:0: [sda] Assuming drive cache: write through
[   46.785738]  sda: sda1
[   46.786924] sd 2:0:0:0: [sda] Attached SCSI disk
Begin: Loading e[   48.112452] md: linear personality registered for level -1
ssential drivers[   48.322833] md: multipath personality registered for level -4
 ... [   48.532897] md: raid0 personality registered for level 0
[   48.664246] md: raid1 personality registered for level 1
[   48.874405] raid6: sse2x1   gen() 10021 MB/s
[   49.086623] raid6: sse2x1   xor()  7827 MB/s
[   49.278501] raid6: sse2x2   gen() 12934 MB/s
[   49.498725] raid6: sse2x2   xor()  8720 MB/s
[   49.702536] raid6: sse2x4   gen() 14626 MB/s
[   49.846178] raid6: sse2x4   xor() 10075 MB/s
[   49.888746] raid6: using algorithm sse2x4 gen() 14626 MB/s
[   49.889536] raid6: .... xor() 10075 MB/s, rmw enabled
[   49.890349] raid6: using ssse3x2 recovery algorithm
[   49.892435] xor: automatically using best checksumming function:
[   49.930498]    avx       : 20039.000 MB/sec
[   50.079046] async_tx: api initialized (async)
[   50.100161] md: raid6 personality registered for level 6
[   50.298151] md: raid5 personality registered for level 5
[   50.460865] md: raid4 personality registered for level 4
[   50.642571] md: raid10 personality registered for level 10
done.
Begin: Running /scripts/init-pre[   50.804480] Btrfs loaded
mount ... done.
Begin: Mounting root file system ... Begin: Running /scripts/local-top ... done.
Begin: Running /scripts/local-premount ... Scanning for Btrfs[   51.059670] EXT4-fs (sda1): mounted filesystem with ordered data mode. Opts: (null)
 filesystems
done.
Warning: fsck not present, so skipping root file system
done.
Begin: Running /scripts/local-bottom ... done.
Begin: Running /scripts/init-bottom ... done.
[   52.133437] random: nonblocking pool is initialized
[   52.335970] systemd[1]: systemd 229 running in system mode. (+PAM +AUDIT +SELINUX +IMA +APPARMOR +SMACK +SYSVINIT +UTMP +LIBCRYPTSETUP +GCRYPT +GNUTLS +ACL +XZ -LZ4 +SECCOMP +BLKID +ELFUTILS +KMOD -IDN)
[   52.916659] systemd[1]: Detected virtualization oracle.
[   53.040538] systemd[1]: Detected architecture x86-64.

Welcome to [1mUbuntu 16.04.2 LTS[0m!

[   53.326619] systemd[1]: Set hostname to <ubuntu-xenial>.
[   54.603356] systemd[1]: Listening on Device-mapper event daemon FIFOs.
[[0;32m  OK  [0m] Listening on Device-mapper event daemon FIFOs.
[   54.915910] systemd[1]: Listening on Journal Audit Socket.
[[0;32m  OK  [0m] Listening on Journal Audit Socket.
[   55.159920] systemd[1]: Listening on LVM2 metadata daemon socket.
[[0;32m  OK  [0m] Listening on LVM2 metadata daemon socket.
[   55.231053] systemd[1]: Created slice User and Session Slice.
[[0;32m  OK  [0m] Created slice User and Session Slice.
[   55.498846] systemd[1]: Reached target Swap.
[[0;32m  OK  [0m] Reached target Swap.
[   55.711036] systemd[1]: Listening on Syslog Socket.
[[0;32m  OK  [0m] Listening on Syslog Socket.
[   55.954836] systemd[1]: Reached target Encrypted Volumes.
[[0;32m  OK  [0m] Reached target Encrypted Volumes.
[   56.224308] systemd[1]: Listening on LVM2 poll daemon socket.
[[0;32m  OK  [0m] Listening on LVM2 poll daemon socket.
[   56.491547] systemd[1]: Reached target User and Group Name Lookups.
[[0;32m  OK  [0m] Reached target User and Group Name Lookups.
[   56.779597] systemd[1]: Started Forward Password Requests to Wall Directory Watch.
[[0;32m  OK  [0m] Started Forward Password Requests to Wall Directory Watch.
[   57.135701] systemd[1]: Listening on Journal Socket.
[[0;32m  OK  [0m] Listening on Journal Socket.
[   57.371484] systemd[1]: Set up automount Arbitrary Executable File Formats File System Automount Point.
[[0;32m  OK  [0m] Set up automount Arbitrary Executab...ats File System Automount Point.
[   57.590509] systemd[1]: Listening on udev Kernel Socket.
[[0;32m  OK  [0m] Listening on udev Kernel Socket.
[   57.826937] systemd[1]: Listening on Journal Socket (/dev/log).
[[0;32m  OK  [0m] Listening on Journal Socket (/dev/log).
[   58.098937] systemd[1]: Listening on udev Control Socket.
[[0;32m  OK  [0m] Listening on udev Control Socket.
[   58.359195] systemd[1]: Listening on /dev/initctl Compatibility Named Pipe.
[[0;32m  OK  [0m] Listening on /dev/initctl Compatibility Named Pipe.
[   58.640315] systemd[1]: Created slice System Slice.
[[0;32m  OK  [0m] Created slice System Slice.
[   58.882960] systemd[1]: Starting Create list of required static device nodes for the current kernel...
         Starting Create list of required st... nodes for the current kernel...
[   59.403668] systemd[1]: Starting Load Kernel Modules...
         Starting Load Kernel Modules...
[   59.563543] systemd[1]: Starting Monitoring of LVM2 mirrors, snapshots etc. using dmeventd or progress polling...
         Starting Monitoring of LVM2 mirrors... dmeventd or progress polling...
[   59.578381] systemd[1]: Starting Journal Service...
         Starting Journal Service...
[   59.626343] systemd[1]: Mounting POSIX Message Queue File System...
         [   59.845451] Loading iSCSI transport class v2.0-870.
Mounting POSIX Message Queue File System...
[   60.066880] systemd[1]: Starting Remount Root and Kernel File Systems...
         Starting Remount Root and Kernel File Systems...[   60.356279] iscsi: registered transport (tcp)

[   60.375239] EXT4-fs (sda1): re-mounted. Opts: (null)
[   60.634748] systemd[1]: Mounting Huge Pages File System...
         Mounting Huge Pages File System...
[   60.879699] iscsi: registered transport (iser)
[   61.034826] systemd[1]: Starting Nameserver information manager...
         Starting Nameserver information manager...
[   61.326941] systemd[1]: Mounting Debug File System...
         Mounting Debug File System...
[   61.552192] systemd[1]: Created slice system-postgresql.slice.
[[0;32m  OK  [0m] Created slice system-postgresql.slice.
[   61.827501] systemd[1]: Starting Set console keymap...
         Starting Set console keymap...
[   62.051142] systemd[1]: Reached target Slices.
[[0;32m  OK  [0m] Reached target Slices.
[   62.246343] systemd[1]: Created slice system-serial\x2dgetty.slice.
[[0;32m  OK  [0m] Created slice system-serial\x2dgetty.slice.
[   62.263103] systemd[1]: Starting Uncomplicated firewall...
         Starting Uncomplicated firewall...
[   62.517962] systemd[1]: Mounted POSIX Message Queue File System.
[[0;32m  OK  [0m] Mounted POSIX Message Queue File System.
[   62.762801] systemd[1]: Mounted Debug File System.
[[0;32m  OK  [0m] Mounted Debug File System.
[   62.983000] systemd[1]: Mounted Huge Pages File System.
[[0;32m  OK  [0m] Mounted Huge Pages File System.
[   63.235226] systemd[1]: Started Journal Service.
[[0;32m  OK  [0m] Started Journal Service.
[[0;32m  OK  [0m] Started Create list of required sta...ce nodes for the current kernel.
[[0;32m  OK  [0m] Started Load Kernel Modules.
[[0;32m  OK  [0m] Started Remount Root and Kernel File Systems.
[[0;32m  OK  [0m] Started Set console keymap.
[[0;32m  OK  [0m] Started Uncomplicated firewall.
[[0;32m  OK  [0m] Started Nameserver information manager.
[[0;32m  OK  [0m] Started LVM2 metadata daemon.
         Starting Initial cloud-init job (pre-networking)...
         Starting udev Coldplug all Devices...
         Starting Load/Save Random Seed...
         Mounting FUSE Control File System...
         Starting Apply Kernel Variables...
         Starting Create Static Device Nodes in /dev...
         Starting Flush Journal to Persistent Storage...
[[0;32m  OK  [0m] Mounted FUSE Control File System.
[[0;32m  OK  [0m] Started Load/Save Random Seed.
[[0;32m  OK  [0m] Started Monitoring of LVM2 mirrors,...ng dmeventd or progress polling.
[[0;32m  OK  [0m] Started Apply Kernel Variables.
[[0;32m  OK  [0m] Started Create Static Device Nodes in /dev.
[[0;32m  OK  [0m] Started udev Coldplug all Devices.
         Starting udev Kernel Device Manager...
[[0;32m  OK  [0m] Started Flush Journal to Persistent Storage.
[[0;32m  OK  [0m] Started udev Kernel Device Manager.
[[0;32m  OK  [0m] Reached target Local File Systems (Pre).
[[0;32m  OK  [0m] Reached target Local File Systems.
         Starting Create Volatile Files and Directories...
         Starting LSB: AppArmor initialization...
         Starting Set console font and keymap...
         Starting Tell Plymouth To Write Out Runtime Data...
[[0;32m  OK  [0m] Started Dispatch Password Requests to Console Directory Watch.
[[0;32m  OK  [0m] Started Tell Plymouth To Write Out Runtime Data.
[[0;32m  OK  [0m] Found device /dev/ttyS0.
[[0;32m  OK  [0m] Found device 82540EM Gigabit Ethern...r (PRO/1000 MT Desktop Adapter).
[[0;32m  OK  [0m] Started Create Volatile Files and Directories.
[[0;32m  OK  [0m] Reached target System Time Synchronized.
         Starting Update UTMP about System Boot/Shutdown...
[[0;32m  OK  [0m] Started Update UTMP about System Boot/Shutdown.
[[0;32m  OK  [0m] Started Set console font and keymap.
[[0;32m  OK  [0m] Listening on Load/Save RF Kill Switch Status /dev/rfkill Watch.
[[0;32m  OK  [0m] Created slice system-getty.slice.
[[0;32m  OK  [0m] Started LSB: AppArmor initialization.
[   39.058101] cloud-init[444]: Cloud-init v. 0.7.9 running 'init-local' at Sun, 09 Apr 2017 00:24:28 +0000. Up 38.47 seconds.
[[0;32m  OK  [0m] Started Initial cloud-init job (pre-networking).
[[0;32m  OK  [0m] Reached target Network (Pre).
[[0;32m  OK  [0m] Started ifup for enp0s3.
         Starting Raise network interfaces...
[[0;32m  OK  [0m] Started Raise network interfaces.
[[0;32m  OK  [0m] Reached target Network.
         Starting Initial cloud-init job (metadata service crawler)...
[   40.648881] cloud-init[969]: Cloud-init v. 0.7.9 running 'init' at Sun, 09 Apr 2017 00:24:30 +0000. Up 39.99 seconds.
[   40.728533] [cloud-init[0;32m  OK  [0m[969]: ] ci-info: +++++++++++++++++++++++++++++++++++++Net device info++++++++++++++++++++++++++++++++++++++Started Initial cloud-init job (metadata service crawler).

[   40.728931] cloud-init[969]: ci-info: +--------+------+----------------------------+---------------+-------+-------------------+[[0;32m  OK  [0m] Reached target System Initialization.
         Starting Socket activation for snappy daemon.

[   40.825090] [cloud-init[0;32m  OK  [0m[969]: ] ci-info: | Device |  Up  |          Address           |      Mask     | Scope |     Hw-Address    |Started ACPI Events Check.

[   40.826305] cloud-init[969]: ci-info: +--------+------+----------------------------+---------------+-------+-------------------+
[   41.113153] [cloud-init[0;32m  OK  [0m[969]: ] ci-info: | enp0s3 | True |         10.0.2.15          | 255.255.255.0 |   .   | 02:1b:66:ab:e9:71 |Started Timer to automatically refresh installed snaps.

[   41.114366] [cloud-init[0;32m  OK  [0m[969]: ] ci-info: | enp0s3 | True | fe80::1b:66ff:feab:e971/64 |       .       |  link | 02:1b:66:ab:e9:71 |Started Daily Cleanup of Temporary Directories.

[   41.504899]          cloud-initStarting LXD - unix socket.[969]: 
ci-info: |   lo   | True |         127.0.0.1          |   255.0.0.0   |   .   |         .         |
[   41.696904] [cloud-init[0;32m  OK  [0m[969]: ] ci-info: |   lo   | True |          ::1/128           |       .       |  host |         .         |Listening on ACPID Listen Socket.

[[0;32m  OK  [0m] Listening on UUID daemon activation socket.
[[0;32m  OK  [0m] Started Trigger resolvconf update for networkd DNS.
[   41.698421] cloud-init[969]: ci-info: +--------+------+----------------------------+---------------+-------+-------------------+
[   42.052589] [cloud-init[0;32m  OK  [0m[969]: ] ci-info: +++++++++++++++++++++++++++Route IPv4 info++++++++++++++++++++++++++++Reached target Paths.

[[0;32m  OK  [0m] Started Daily apt activities.
[[0;32m  OK  [0m] Reached target Timers.
[   42.053043] cloud-init[969]: ci-info: +-------+-------------+----------+---------------+-----------+-------+
[   42.449277] [cloud-init[0;32m  OK  [0m[969]: ] ci-info: | Route | Destination | Gateway  |    Genmask    | Interface | Flags |Listening on D-Bus System Message Bus Socket.

[[0;32m  OK  [0m] Reached target Network is Online.
[   42.449686] cloud-init[969]: ci-info: +-------+-------------+----------+---------------+-----------+-------+
[   42.820549]          cloud-initStarting iSCSI initiator daemon (iscsid)...[969]: 
ci-info: |   0   |   0.0.0.0   | 10.0.2.2 |    0.0.0.0    |   enp0s3  |   UG  |
[   43.004415] [cloud-init[0;32m  OK  [0m[969]: ] ci-info: |   1   |   10.0.2.0  | 0.0.0.0  | 255.255.255.0 |   enp0s3  |   U   |Reached target Cloud-config availability.

[   43.004840] cloud-init[969]: ci-info: +-------+-------------+----------+---------------+-----------+-------+
[[0;32m  OK  [0m] Listening on Socket activation for snappy daemon.
[[0;32m  OK  [0m] Listening on LXD - unix socket.
[[0;32m  OK  [0m] Reached target Sockets.
[[0;32m  OK  [0m] Reached target Basic System.
         Starting LSB: MD monitoring daemon...
         Starting LXD - container startup/shutdown...
         Starting /etc/rc.local Compatibility...
[[0;32m  OK  [0m] Started D-Bus System Message Bus.
[[0;32m  OK  [0m] Started Regular background program processing daemon.
         Starting Apply the settings specified in cloud-config...
         Starting System Logging Service...
[[0;32m  OK  [0m] Started FUSE filesystem for LXC.
[[0;32m  OK  [0m] Started Snappy daemon.
         Starting PostgreSQL Cluster 9.6-main...
         Starting vboxadd-x11.service...
         Starting vboxadd.service...
[[0;32m  OK  [0m] Started Deferred execution scheduler.
[   44.741259] cloud-init[1039]: Cloud-init v. 0.7.9 running 'modules:config' at Sun, 09 Apr 2017 00:24:34 +0000. Up 44.51 seconds.
         Starting LSB: Record successful boot for GRUB...
[[0;32m  OK  [0m] Started ACPI event daemon.
         Starting Advanced key-value store...
         Starting OpenBSD Secure Shell server...
         Starting Accounts Service...
         Starting Login Service...
         Starting Auto import assertions from block devices...
[[0;32m  OK  [0m] Started System Logging Service.
[[0;32m  OK  [0m] Started iSCSI initiator daemon (iscsid).
[[0;32m  OK  [0m] Started /etc/rc.local Compatibility.
[[0;32m  OK  [0m] Started Apply the settings specified in cloud-config.
[[0;32m  OK  [0m] Started vboxadd-x11.service.
[[0;32m  OK  [0m] Started Auto import assertions from block devices.
         Starting Login to default iSCSI targets...
[[0;32m  OK  [0m] Started Login Service.
[[0;32m  OK  [0m] Started LSB: Record successful boot for GRUB.
[[0;32m  OK  [0m] Started LSB: MD monitoring daemon.
[[0;32m  OK  [0m] Started Login to default iSCSI targets.
[[0;32m  OK  [0m] Reached target Remote File Systems (Pre).
[[0;32m  OK  [0m] Reached target Remote File Systems.
         Starting LSB: daemon to balance interrupts for SMP systems...
         Starting LSB: Set the CPU Frequency Scaling governor to "ondemand"...
         Starting LSB: automatic crash report generation...
         Starting Permit User Sessions...
         Starting LSB: Start/stop sysstat's sadc...
[[0;32m  OK  [0m] Started OpenBSD Secure Shell server.
[[0;32m  OK  [0m] Started LXD - container startup/shutdown.
[[0;32m  OK  [0m] Started vboxadd.service.
[[0;32m  OK  [0m] Started Advanced key-value store.
[[0;32m  OK  [0m] Started Permit User Sessions.
[[0;32m  OK  [0m] Started LSB: Set the CPU Frequency Scaling governor to "ondemand".
[[0;32m  OK  [0m] Started LSB: Start/stop sysstat's sadc.
[[0;32m  OK  [0m] Started LSB: daemon to balance interrupts for SMP systems.
[[0;32m  OK  [0m] Started LSB: automatic crash report generation.
         Starting Authenticate and Authorize Users to Run Privileged Tasks...
         Starting Hold until boot process finishes up...
         Starting Terminate Plymouth Boot Screen...
         Starting vboxadd-service.service...
[[0;32m  OK  [0m] Started Hold until boot process finishes up.
[[0;32m  OK  [0m] Started Terminate Plymouth Boot Screen.
[[0;32m  OK  [0m] Started vboxadd-service.service.
[[0;32m  OK  [0m] Started Authenticate and Authorize Users to Run Privileged Tasks.
[[0;32m  OK  [0m] Started Accounts Service.
[[0;32m  OK  [0m] Started Serial Getty on ttyS0.
         Starting Set console scheme...
[[0;32m  OK  [0m] Started Getty on tty1.
[[0;32m  OK  [0m] Reached target Login Prompts.
[[0;32m  OK  [0m] Started Set console scheme.
[[0;32m  OK  [0m] Started PostgreSQL Cluster 9.6-main.
         Starting PostgreSQL RDBMS...
[[0;32m  OK  [0m] Started PostgreSQL RDBMS.
[[0;32m  OK  [0m] Reached target Multi-User System.
         Starting Execute cloud user/final scripts...
[[0;32m  OK  [0m] Reached target Graphical Interface.
         Starting Update UTMP about System Runlevel Changes...
[[0;32m  OK  [0m] Started Update UTMP about System Runlevel Changes.
[   50.998333] cloud-init[1309]: Cloud-init v. 0.7.9 running 'modules:final' at Sun, 09 Apr 2017 00:24:41 +0000. Up 50.86 seconds.
[   51.024500] cloud-init[1309]: Cloud-init v. 0.7.9 finished at Sun, 09 Apr 2017 00:24:41 +0000. Datasource DataSourceNoCloud [seed=/dev/sdb][dsmode=net].  Up 50.99 seconds
[[0;32m  OK  [0m] Started Execute cloud user/final scripts.
[[0;32m  OK  [0m] Reached target Cloud-init target.

Ubuntu 16.04.2 LTS ubuntu-xenial ttyS0

ubuntu-xenial login: 