[    0.000000] Initializing cgroup subsys cpuset
[    0.000000] Initializing cgroup subsys cpu
[    0.000000] Initializing cgroup subsys cpuacct
[    0.000000] Linux version 4.4.0-72-generic (buildd@lcy01-17) (gcc version 5.4.0 20160609 (Ubuntu 5.4.0-6ubuntu1~16.04.4) ) #93-Ubuntu SMP Fri Mar 31 14:07:41 UTC 2017 (Ubuntu 4.4.0-72.93-generic 4.4.49)
[    0.000000] Command line: BOOT_IMAGE=/boot/vmlinuz-4.4.0-72-generic root=UUID=29aa9810-c13e-42a1-8136-376cf7f85bcf ro console=tty1 console=ttyS0
[    0.000000] KERNEL supported cpus:
[    0.000000]   Intel GenuineIntel
[    0.000000]   AMD AuthenticAMD
[    0.000000]   Centaur CentaurHauls
[    0.000000] x86/fpu: xstate_offset[2]:  576, xstate_sizes[2]:  256
[    0.000000] x86/fpu: Supporting XSAVE feature 0x01: 'x87 floating point registers'
[    0.000000] x86/fpu: Supporting XSAVE feature 0x02: 'SSE registers'
[    0.000000] x86/fpu: Supporting XSAVE feature 0x04: 'AVX registers'
[    0.000000] x86/fpu: Enabled xstate features 0x7, context size is 832 bytes, using 'standard' format.
[    0.000000] x86/fpu: Using 'lazy' FPU context switches.
[    0.000000] e820: BIOS-provided physical RAM map:
[    0.000000] BIOS-e820: [mem 0x0000000000000000-0x000000000009fbff] usable
[    0.000000] BIOS-e820: [mem 0x000000000009fc00-0x000000000009ffff] reserved
[    0.000000] BIOS-e820: [mem 0x00000000000f0000-0x00000000000fffff] reserved
[    0.000000] BIOS-e820: [mem 0x0000000000100000-0x000000005ffeffff] usable
[    0.000000] BIOS-e820: [mem 0x000000005fff0000-0x000000005fffffff] ACPI data
[    0.000000] BIOS-e820: [mem 0x00000000fec00000-0x00000000fec00fff] reserved
[    0.000000] BIOS-e820: [mem 0x00000000fee00000-0x00000000fee00fff] reserved
[    0.000000] BIOS-e820: [mem 0x00000000fffc0000-0x00000000ffffffff] reserved
[    0.000000] NX (Execute Disable) protection: active
[    0.000000] SMBIOS 2.5 present.
[    0.000000] Hypervisor detected: KVM
[    0.000000] e820: last_pfn = 0x5fff0 max_arch_pfn = 0x400000000
[    0.000000] MTRR: Disabled
[    0.000000] x86/PAT: MTRRs disabled, skipping PAT initialization too.
[    0.000000] x86/PAT: Configuration [0-7]: WB  WT  UC- UC  WB  WT  UC- UC  
[    0.000000] CPU MTRRs all blank - virtualized system.
[    0.000000] found SMP MP-table at [mem 0x0009fff0-0x0009ffff] mapped at [ffff88000009fff0]
[    0.000000] Scanning 1 areas for low memory corruption
[    0.000000] RAMDISK: [mem 0x36238000-0x37113fff]
[    0.000000] ACPI: Early table checksum verification disabled
[    0.000000] ACPI: RSDP 0x00000000000E0000 000024 (v02 VBOX  )
[    0.000000] ACPI: XSDT 0x000000005FFF0030 00003C (v01 VBOX   VBOXXSDT 00000001 ASL  00000061)
[    0.000000] ACPI: FACP 0x000000005FFF00F0 0000F4 (v04 VBOX   VBOXFACP 00000001 ASL  00000061)
[    0.000000] ACPI: DSDT 0x000000005FFF0470 0021C8 (v02 VBOX   VBOXBIOS 00000002 INTL 20100528)
[    0.000000] ACPI: FACS 0x000000005FFF0200 000040
[    0.000000] ACPI: FACS 0x000000005FFF0200 000040
[    0.000000] ACPI: APIC 0x000000005FFF0240 00005C (v02 VBOX   VBOXAPIC 00000001 ASL  00000061)
[    0.000000] ACPI: SSDT 0x000000005FFF02A0 0001CC (v01 VBOX   VBOXCPUT 00000002 INTL 20100528)
[    0.000000] No NUMA configuration found
[    0.000000] Faking a node at [mem 0x0000000000000000-0x000000005ffeffff]
[    0.000000] NODE_DATA(0) allocated [mem 0x5ffeb000-0x5ffeffff]
[    0.000000] kvm-clock: Using msrs 4b564d01 and 4b564d00
[    0.000000] kvm-clock: cpu 0, msr 0:5ffe3001, primary cpu clock
[    0.000000] kvm-clock: using sched offset of 3527826074 cycles
[    0.000000] clocksource: kvm-clock: mask: 0xffffffffffffffff max_cycles: 0x1cd42e4dffb, max_idle_ns: 881590591483 ns
[    0.000000] Zone ranges:
[    0.000000]   DMA      [mem 0x0000000000001000-0x0000000000ffffff]
[    0.000000]   DMA32    [mem 0x0000000001000000-0x000000005ffeffff]
[    0.000000]   Normal   empty
[    0.000000]   Device   empty
[    0.000000] Movable zone start for each node
[    0.000000] Early memory node ranges
[    0.000000]   node   0: [mem 0x0000000000001000-0x000000000009efff]
[    0.000000]   node   0: [mem 0x0000000000100000-0x000000005ffeffff]
[    0.000000] Initmem setup node 0 [mem 0x0000000000001000-0x000000005ffeffff]
[    0.000000] ACPI: PM-Timer IO Port: 0x4008
[    0.000000] IOAPIC[0]: apic_id 2, version 32, address 0xfec00000, GSI 0-23
[    0.000000] ACPI: INT_SRC_OVR (bus 0 bus_irq 0 global_irq 2 dfl dfl)
[    0.000000] ACPI: INT_SRC_OVR (bus 0 bus_irq 9 global_irq 9 high level)
[    0.000000] Using ACPI (MADT) for SMP configuration information
[    0.000000] smpboot: Allowing 2 CPUs, 0 hotplug CPUs
[    0.000000] PM: Registered nosave memory: [mem 0x00000000-0x00000fff]
[    0.000000] PM: Registered nosave memory: [mem 0x0009f000-0x0009ffff]
[    0.000000] PM: Registered nosave memory: [mem 0x000a0000-0x000effff]
[    0.000000] PM: Registered nosave memory: [mem 0x000f0000-0x000fffff]
[    0.000000] e820: [mem 0x60000000-0xfebfffff] available for PCI devices
[    0.000000] Booting paravirtualized kernel on KVM
[    0.000000] clocksource: refined-jiffies: mask: 0xffffffff max_cycles: 0xffffffff, max_idle_ns: 7645519600211568 ns
[    0.000000] setup_percpu: NR_CPUS:512 nr_cpumask_bits:512 nr_cpu_ids:2 nr_node_ids:1
[    0.000000] PERCPU: Embedded 33 pages/cpu @ffff88005fc00000 s98264 r8192 d28712 u1048576
[    0.000000] PV qspinlock hash table entries: 256 (order: 0, 4096 bytes)
[    0.000000] Built 1 zonelists in Node order, mobility grouping on.  Total pages: 386937
[    0.000000] Policy zone: DMA32
[    0.000000] Kernel command line: BOOT_IMAGE=/boot/vmlinuz-4.4.0-72-generic root=UUID=29aa9810-c13e-42a1-8136-376cf7f85bcf ro console=tty1 console=ttyS0
[    0.000000] PID hash table entries: 4096 (order: 3, 32768 bytes)
[    0.000000] Memory: 1513460K/1572408K available (8452K kernel code, 1293K rwdata, 3976K rodata, 1484K init, 1316K bss, 58948K reserved, 0K cma-reserved)
[    0.000000] SLUB: HWalign=64, Order=0-3, MinObjects=0, CPUs=2, Nodes=1
[    0.000000] Hierarchical RCU implementation.
[    0.000000] 	Build-time adjustment of leaf fanout to 64.
[    0.000000] 	RCU restricting CPUs from NR_CPUS=512 to nr_cpu_ids=2.
[    0.000000] RCU: Adjusting geometry for rcu_fanout_leaf=64, nr_cpu_ids=2
[    0.000000] NR_IRQS:33024 nr_irqs:440 16
[    0.000000] Console: colour VGA+ 80x25
[    0.000000] console [tty1] enabled
[    0.000000] console [ttyS0] enabled
[    0.000000] tsc: Detected 2494.234 MHz processor
[   12.283509] Calibrating delay loop (skipped) preset value.. 4988.46 BogoMIPS (lpj=9976936)
[   12.284830] pid_max: default: 32768 minimum: 301
[   12.285533] ACPI: Core revision 20150930
[   12.286997] ACPI: 2 ACPI AML tables successfully acquired and loaded
[   12.288027] Security Framework initialized
[   12.288690] Yama: becoming mindful.
[   12.289300] AppArmor: AppArmor initialized
[   12.295354] Dentry cache hash table entries: 262144 (order: 9, 2097152 bytes)
[   12.507297] Inode-cache hash table entries: 131072 (order: 8, 1048576 bytes)
[   12.732706] Mount-cache hash table entries: 4096 (order: 3, 32768 bytes)
[   12.952754] Mountpoint-cache hash table entries: 4096 (order: 3, 32768 bytes)
[   13.188503] Initializing cgroup subsys io
[   13.319468] Initializing cgroup subsys memory
[   13.465061] Initializing cgroup subsys devices
[   13.595773] Initializing cgroup subsys freezer
[   13.737782] Initializing cgroup subsys net_cls
[   13.885361] Initializing cgroup subsys perf_event
[   14.035975] Initializing cgroup subsys net_prio
[   14.183110] Initializing cgroup subsys hugetlb
[   14.333667] Initializing cgroup subsys pids
[   14.471337] CPU: Physical Processor ID: 0
[   14.606870] CPU: Processor Core ID: 0
[   14.612507] mce: CPU supports 0 MCE banks
[   14.613180] Last level iTLB entries: 4KB 1024, 2MB 1024, 4MB 1024
[   14.731535] Last level dTLB entries: 4KB 1024, 2MB 1024, 4MB 1024, 1GB 4
[   14.954208] Freeing SMP alternatives memory: 32K (ffffffff820b8000 - ffffffff820c0000)
[   15.224290] ftrace: allocating 32111 entries in 126 pages
[   15.433225] smpboot: APIC(0) Converting physical 0 to logical package 0
[   15.653223] smpboot: Max logical packages: 1
[   15.749527] x2apic enabled
[   15.838471] Switched APIC routing to physical x2apic.
[   16.001445] ..TIMER: vector=0x30 apic1=0 pin1=2 apic2=-1 pin2=-1
[   16.310853] smpboot: CPU0: Intel(R) Core(TM) i7-4710HQ CPU @ 2.50GHz (family: 0x6, model: 0x3c, stepping: 0x3)
[   16.637359] Performance Events: unsupported p6 CPU model 60 no PMU driver, software events only.
[   16.906268] KVM setup paravirtual spinlock
[   17.044747] x86: Booting SMP configuration:
[   17.181754] .... node  #0, CPUs:      #1
[   17.301258] kvm-clock: cpu 1, msr 0:5ffe3041, secondary cpu clock
[   17.468993] mce: CPU supports 0 MCE banks
[   17.477508] x86: Booted up 1 node, 2 CPUs
[   17.478345] smpboot: Total of 2 processors activated (9976.93 BogoMIPS)
[   17.479535] devtmpfs: initialized
[   17.481409] evm: security.selinux
[   17.487484] evm: security.SMACK64
[   17.488076] evm: security.SMACK64EXEC
[   17.488670] evm: security.SMACK64TRANSMUTE
[   17.489314] evm: security.SMACK64MMAP
[   17.489908] evm: security.ima
[   17.490437] evm: security.capability
[   17.491164] clocksource: jiffies: mask: 0xffffffff max_cycles: 0xffffffff, max_idle_ns: 7645041785100000 ns
[   17.492793] pinctrl core: initialized pinctrl subsystem
[   17.493643] RTC time: 10:38:40, date: 04/10/17
[   17.494476] NET: Registered protocol family 16
[   17.503251] cpuidle: using governor ladder
[   17.515240] cpuidle: using governor menu
[   17.609364] PCCT header not found.
[   17.728739] ACPI: bus type PCI registered
[   17.855301] acpiphp: ACPI Hot Plug PCI Controller Driver version: 0.5
[   18.063096] PCI: Using configuation type 1 for base access
[   18.286754] ACPI: Added _OSI(Module Device)
[   18.417711] ACPI: Added _OSI(Processor Device)
[   18.568796] ACPI: Added _OSI(3.0 _SCP Extensions)
[   18.723923] ACPI: Added _OSI(Processor Aggregator Device)
[   18.892902] ACPI: Executed 1 blocks of module-level executable AML code
[   19.103949] ACPI: Interpreter enabled
[   19.224263] ACPI: (supports S0 S5)
[   19.337322] ACPI: Using IOAPIC for interrupt routing
[   19.501637] PCI: Using host bridge windows from ACPI; if necessary, use "pci=nocrs" and report a bug
[   19.813337] ACPI: PCI Root Bridge [PCI0] (domain 0000 [bus 00-ff])
[   19.978257] acpi PNP0A03:00: _OSC: OS supports [ASPM ClockPM Segments MSI]
[   20.217068] acpi PNP0A03:00: _OSC failed (AE_NOT_FOUND); disabling ASPM
[   20.438232] acpi PNP0A03:00: fail to add MMCONFIG information, can't access extended PCI configuration space under this bridge.
[   20.825683] PCI host bridge to bus 0000:00
[   20.959655] pci_bus 0000:00: root bus resource [io  0x0000-0x0cf7 window]
[   21.168902] pci_bus 0000:00: root bus resource [io  0x0d00-0xffff window]
[   21.384030] pci_bus 0000:00: root bus resource [mem 0x000a0000-0x000bffff window]
[   21.642291] pci_bus 0000:00: root bus resource [mem 0x60000000-0xffdfffff window]
[   21.892175] pci_bus 0000:00: root bus resource [bus 00-ff]
[   22.034281] pci 0000:00:01.1: legacy IDE quirk: reg 0x10: [io  0x01f0-0x01f7]
[   22.235706] pci 0000:00:01.1: legacy IDE quirk: reg 0x14: [io  0x03f6]
[   22.410807] pci 0000:00:01.1: legacy IDE quirk: reg 0x18: [io  0x0170-0x0177]
[   22.636449] pci 0000:00:01.1: legacy IDE quirk: reg 0x1c: [io  0x0376]
[   22.849589] pci 0000:00:07.0: quirk: [io  0x4000-0x403f] claimed by PIIX4 ACPI
[   23.100050] pci 0000:00:07.0: quirk: [io  0x4100-0x410f] claimed by PIIX4 SMB
[   23.322763] ACPI: PCI Interrupt Link [LNKA] (IRQs 5 9 10 *11)
[   23.493709] ACPI: PCI Interrupt Link [LNKB] (IRQs 5 9 10 *11)
[   23.669328] ACPI: PCI Interrupt Link [LNKC] (IRQs 5 9 *10 11)
[   23.832917] ACPI: PCI Interrupt Link [LNKD] (IRQs 5 *9 10 11)
[   23.997619] ACPI: Enabled 2 GPEs in block 00 to 07
[   24.149193] vgaarb: setting as boot device: PCI:0000:00:02.0
[   24.338906] vgaarb: device added: PCI:0000:00:02.0,decodes=io+mem,owns=io+mem,locks=none
[   24.627480] vgaarb: loaded
[   24.716751] vgaarb: bridge control possible 0000:00:02.0
[   24.880261] SCSI subsystem initialized
[   25.001190] ACPI: bus type USB registered
[   25.131784] usbcore: registered new interface driver usbfs
[   25.287768] usbcore: registered new interface driver hub
[   25.471600] usbcore: registered new device driver usb
[   25.637002] PCI: Using ACPI for IRQ routing
[   25.777211] NetLabel: Initializing
[   25.899483] NetLabel:  domain hash size = 128
[   26.042126] NetLabel:  protocols = UNLABELED CIPSOv4
[   26.210261] NetLabel:  unlabeled traffic allowed by default
[   26.360003] amd_nb: Cannot enumerate AMD northbridges
[   26.523217] clocksource: Switched to clocksource kvm-clock
[   26.715346] AppArmor: AppArmor Filesystem Enabled
[   26.872022] pnp: PnP ACPI init
[   26.977598] pnp: PnP ACPI: found 3 devices
[   27.124487] clocksource: acpi_pm: mask: 0xffffff max_cycles: 0xffffff, max_idle_ns: 2085701024 ns
[   27.378905] NET: Registered protocol family 2
[   27.512635] TCP established hash table entries: 16384 (order: 5, 131072 bytes)
[   27.759398] TCP bind hash table entries: 16384 (order: 6, 262144 bytes)
[   27.974520] TCP: Hash tables configured (established 16384 bind 16384)
[   28.195395] UDP hash table entries: 1024 (order: 3, 32768 bytes)
[   28.393185] UDP-Lite hash table entries: 1024 (order: 3, 32768 bytes)
[   28.596935] NET: Registered protocol family 1
[   28.743410] pci 0000:00:00.0: Limiting direct PCI/PCI transfers
[   28.944122] pci 0000:00:01.0: Activating ISA DMA hang workarounds
[   29.146381] Unpacking initramfs...
[   29.464740] Freeing initrd memory: 15216K (ffff880036238000 - ffff880037114000)
[   29.685528] RAPL PMU detected, API unit is 2^-32 Joules, 4 fixed counters 10737418240 ms ovfl timer
[   30.004261] hw unit of domain pp0-core 2^-0 Joules
[   30.164562] hw unit of domain package 2^-0 Joules
[   30.320675] hw unit of domain dram 2^-0 Joules
[   30.465849] hw unit of domain pp1-gpu 2^-0 Joules
[   30.580931] platform rtc_cmos: registered platform RTC device (no PNP device found)
[   30.843346] Scanning for low memory corruption every 60 seconds
[   31.039156] futex hash table entries: 512 (order: 3, 32768 bytes)
[   31.240931] audit: initializing netlink subsys (disabled)
[   31.419564] audit: type=2000 audit(1491820712.848:1): initialized
[   31.613672] tsc: Refined TSC clocksource calibration: 2493.622 MHz
[   31.619560] Initialise system trusted keyring
ÿ[   31.815514] HugeTLB registered 2 MB page size, pre-allocated 0 pages
[   31.816710] zbud: loaded
[   31.816839] VFS: Disk quotas dquot_6.6.0
[   31.816864] VFS: Dquot-cache hash table entries: 512 (order 0, 4096 bytes)
[   31.817107] squashfs: version 4.0 (2009/01/31) Phillip Lougher
[   31.817277] fuse init (API version 7.23)
[   31.817381] Key type big_key registered
[   31.817427] Allocating IMA MOK and blacklist keyrings.
[   31.817577] Key type asymmetric registered
[   31.817578] Asymmetric key parser 'x509' registered
[   31.817605] Block layer SCSI generic (bsg) driver version 0.4 loaded (major 249)
[   31.817618] io scheduler noop registered
[   31.817620] io scheduler deadline registered (default)
[   31.817641] io scheduler cfq registered
[   31.817716] pci_hotplug: PCI Hot Plug PCI Core version: 0.5
[   31.817720] pciehp: PCI Express Hot Plug Controller Driver version: 0.4
[   31.817828] ACPI: AC Adapter [AC] (on-line)
[   31.817869] input: Power Button as /devices/LNXSYSTM:00/LNXPWRBN:00/input/input0
[   31.817881] ACPI: Power Button [PWRF]
[   31.817942] input: Sleep Button as /devices/LNXSYSTM:00/LNXSLPBN:00/input/input1
[   31.817943] ACPI: Sleep Button [SLPF]
[   31.818039] GHES: HEST is not enabled!
[   31.818600] ACPI: Battery Slot [BAT0] (battery present)
[   31.818627] Serial: 8250/16550 driver, 32 ports, IRQ sharing enabled
[   31.979278] 00:02: ttyS0 at I/O 0x3f8 (irq = 4, base_baud = 115200) is a 16550A
[   32.199361] Linux agpgart interface v0.103
[   32.284760] loop: module loaded
[   32.285136] scsi host0: ata_piix
[   32.285177] scsi host1: ata_piix
[   32.285224] ata1: PATA max UDMA/33 cmd 0x1f0 ctl 0x3f6 bmdma 0xd000 irq 14
[   32.285224] ata2: PATA max UDMA/33 cmd 0x170 ctl 0x376 bmdma 0xd008 irq 15
[   32.285368] libphy: Fixed MDIO Bus: probed
[   32.285369] tun: Universal TUN/TAP device driver, 1.6
[   32.285370] tun: (C) 1999-2004 Max Krasnyansky <maxk@qualcomm.com>
[   32.285626] PPP generic driver version 2.4.2
[   32.285673] ehci_hcd: USB 2.0 'Enhanced' Host Controller (EHCI) Driver
[   32.285676] ehci-pci: EHCI PCI platform driver
[   32.285683] ehci-platform: EHCI generic platform driver
[   32.285688] ohci_hcd: USB 1.1 'Open' Host Controller (OHCI) Driver
[   32.285690] ohci-pci: OHCI PCI platform driver
[   32.285696] ohci-platform: OHCI generic platform driver
[   32.285724] uhci_hcd: USB Universal Host Controller Interface driver
[   32.285773] i8042: PNP: PS/2 Controller [PNP0303:PS2K,PNP0f03:PS2M] at 0x60,0x64 irq 1,12
[   32.406867] serio: i8042 KBD port at 0x60,0x64 irq 1
[   32.406870] serio: i8042 AUX port at 0x60,0x64 irq 12
[   32.406916] mousedev: PS/2 mouse device common for all mice
[   32.407132] rtc_cmos rtc_cmos: rtc core: registered rtc_cmos as rtc0
[   32.407176] rtc_cmos rtc_cmos: alarms up to one day, 114 bytes nvram
[   32.407180] i2c /dev entries driver
[   32.407221] device-mapper: uevent: version 1.0.3
[   32.407260] device-mapper: ioctl: 4.34.0-ioctl (2015-10-28) initialised: dm-devel@redhat.com
[   32.407277] ledtrig-cpu: registered to indicate activity on CPUs
[   32.407586] NET: Registered protocol family 10
[   32.407692] NET: Registered protocol family 17
[   32.407700] Key type dns_resolver registered
[   32.620860] microcode: CPU0 sig=0x306c3, pf=0x40, revision=0x0
[   32.620955] microcode: CPU1 sig=0x306c3, pf=0x40, revision=0x0
[   32.620997] microcode: Microcode Update Driver: v2.01 <tigran@aivazian.fsnet.co.uk>, Peter Oruba
[   32.621101] registered taskstats version 1
[   32.621112] Loading compiled-in X.509 certificates
[   32.621740] Loaded X.509 cert 'Build time autogenerated kernel key: 04ae903e4643330d1fe41947e79c28b436494994'
[   32.621760] zswap: loaded using pool lzo/zbud
[   32.622990] Key type trusted registered
[   32.625342] Key type encrypted registered
[   32.625345] AppArmor: AppArmor sha1 policy hashing enabled
[   32.625348] ima: No TPM chip found, activating TPM-bypass!
[   32.625365] evm: HMAC attrs: 0x1
[   32.625580]   Magic number: 13:378:628
[   32.744430] rtc_cmos rtc_cmos: setting system clock to 2017-04-10 10:38:55 UTC (1491820735)
[   32.744589] BIOS EDD facility v0.16 2004-Jun-25, 0 devices found
[   32.744590] EDD information not available.
[   33.315453] input: AT Translated Set 2 keyboard as /devices/platform/i8042/serio0/input/input2
[   43.279907] clocksource: tsc: mask: 0xffffffffffffffff max_cycles: 0x23f1b0ca549, max_idle_ns: 440795283034 ns
[   43.621610] Freeing unused kernel memory: 1484K (ffffffff81f45000 - ffffffff820b8000)
[   43.888250] Write protecting the kernel read-only data: 14336k
[   44.085644] Freeing unused kernel memory: 1776K (ffff880001844000 - ffff880001a00000)
[   44.263615] Freeing unused kernel memory: 120K (ffff880001de2000 - ffff880001e00000)
Loading, please [   44.518222] random: systemd-udevd: uninitialized urandom read (16 bytes read, 4 bits of entropy available)
wait...
startin[   44.518677] random: udevadm: uninitialized urandom read (16 bytes read, 4 bits of entropy available)
g version 229
[   44.518704] random: udevadm: uninitialized urandom read (16 bytes read, 4 bits of entropy available)
[   44.518786] random: udevadm: uninitialized urandom read (16 bytes read, 4 bits of entropy available)
[   44.518817] random: udevadm: uninitialized urandom read (16 bytes read, 4 bits of entropy available)
[   44.518845] random: udevadm: uninitialized urandom read (16 bytes read, 4 bits of entropy available)
[   44.518872] random: udevadm: uninitialized urandom read (16 bytes read, 4 bits of entropy available)
[   44.518899] random: udevadm: uninitialized urandom read (16 bytes read, 4 bits of entropy available)
[   44.518927] random: udevadm: uninitialized urandom read (16 bytes read, 4 bits of entropy available)
[   44.518953] random: udevadm: uninitialized urandom read (16 bytes read, 4 bits of entropy available)
[   47.575623] Fusion MPT base driver 3.04.20
[   47.586936] Copyright (c) 1999-2008 LSI Corporation
[   47.590246] e1000: Intel(R) PRO/1000 Network Driver - version 7.3.21-k8-NAPI
[   47.592303] e1000: Copyright (c) 1999-2006 Intel Corporation.
[   47.598234] Fusion MPT SPI Host driver 3.04.20
[   47.601864] AVX version of gcm_enc/dec engaged.
[   47.602575] AES CTR mode by8 optimization enabled
[   47.811441] input: ImExPS/2 Generic Explorer Mouse as /devices/platform/i8042/serio1/input/input5
[   48.242664] e1000 0000:00:03.0 eth0: (PCI:33MHz:32-bit) 02:1b:66:ab:e9:71
[   48.483476] e1000 0000:00:03.0 eth0: Intel(R) PRO/1000 Network Connection
[   48.487666] mptbase: ioc0: Initiating bringup
[   48.487988] e1000 0000:00:03.0 enp0s3: renamed from eth0
[   48.871974] ioc0: LSI53C1030 A0: Capabilities={Initiator}
[   49.253291] scsi host2: ioc0: LSI53C1030 A0, FwRev=00000000h, Ports=1, MaxQ=256, IRQ=20
[   49.664129] scsi 2:0:0:0: Direct-Access     VBOX     HARDDISK         1.0  PQ: 0 ANSI: 5
[   49.931133] scsi target2:0:0: Beginning Domain Validation
[   50.114632] scsi target2:0:0: Domain Validation skipping write tests
[   50.117510] scsi target2:0:0: Ending Domain Validation
[   50.118382] scsi target2:0:0: asynchronous
[   50.255016] scsi 2:0:1:0: Direct-Access     VBOX     HARDDISK         1.0  PQ: 0 ANSI: 5
[   50.556627] scsi target2:0:1: Beginning Domain Validation
[   50.647696] floppy0: no floppy controllers found
[   50.796744] scsi target2:0:1: Domain Validation skipping write tests
[   50.799021] scsi target2:0:1: Ending Domain Validation
[   50.799896] scsi target2:0:1: asynchronous
[   50.805351] sd 2:0:0:0: Attached scsi generic sg0 type 0
[   50.807498] sd 2:0:0:0: [sda] 20971520 512-byte logical blocks: (10.7 GB/10.0 GiB)
[   51.092164] sd 2:0:1:0: Attached scsi generic sg1 type 0
[   51.103847] sd 2:0:0:0: [sda] Write Protect is off
[   51.104069] sd 2:0:0:0: [sda] Incomplete mode parameter data
[   51.104070] sd 2:0:0:0: [sda] Assuming drive cache: write through
[   51.275432] sd 2:0:1:0: [sdb] 20480 512-byte logical blocks: (10.5 MB/10.0 MiB)
[   51.275634] sd 2:0:1:0: [sdb] Write Protect is off
[   51.275780] sd 2:0:1:0: [sdb] Incomplete mode parameter data
[   51.275781] sd 2:0:1:0: [sdb] Assuming drive cache: write through
[   51.673533]  sda: sda1
[   51.674378] sd 2:0:0:0: [sda] Attached SCSI disk
[   51.674473] sd 2:0:1:0: [sdb] Attached SCSI disk
Begin: Loading e[   53.719661] md: linear personality registered for level -1
ssential drivers ... [   53.868754] md: multipath personality registered for level -4
[   54.071400] md: raid0 personality registered for level 0
[   54.262765] md: raid1 personality registered for level 1
[   54.515501] raid6: sse2x1   gen()  9962 MB/s
[   54.719640] raid6: sse2x1   xor()  7903 MB/s
[   54.923746] raid6: sse2x2   gen() 12798 MB/s
[   55.111419] raid6: sse2x2   xor()  8614 MB/s
[   55.319565] raid6: sse2x4   gen() 14801 MB/s
[   55.527230] raid6: sse2x4   xor() 10403 MB/s
[   55.669128] raid6: using algorithm sse2x4 gen() 14801 MB/s
[   55.849786] raid6: .... xor() 10403 MB/s, rmw enabled
[   55.997348] raid6: using ssse3x2 recovery algorithm
[   56.142915] xor: automatically using best checksumming function:
[   56.375317]    avx       : 20638.000 MB/sec
[   56.531271] async_tx: api initialized (async)
[   56.702144] md: raid6 personality registered for level 6
[   56.905214] md: raid5 personality registered for level 5
[   57.060564] md: raid4 personality registered for level 4
[   57.207693] md: raid10 personality registered for level 10
done.
Begin: Running /[   57.414843] Btrfs loaded
scripts/init-premount ... done.
Begin: Mounting root file system ... Begin: Running /scripts/local-top ... done.
Begin: Running /scripts/local-premount ... Scanning for Btrfs filesystems
do[   57.643977] EXT4-fs (sda1): mounted filesystem with ordered data mode. Opts: (null)
ne.
Warning: fsck not present, so skipping root file system
done.
Begin: Running /scripts/local-bottom ... done.
Begin: Running /scripts/init-bottom ... done.
[   58.472738] random: nonblocking pool is initialized
[   58.870895] systemd[1]: systemd 229 running in system mode. (+PAM +AUDIT +SELINUX +IMA +APPARMOR +SMACK +SYSVINIT +UTMP +LIBCRYPTSETUP +GCRYPT +GNUTLS +ACL +XZ -LZ4 +SECCOMP +BLKID +ELFUTILS +KMOD -IDN)
[   59.235006] systemd[1]: Detected virtualization oracle.
[   59.327959] systemd[1]: Detected architecture x86-64.

Welcome to [1mUbuntu 16.04.2 LTS[0m!

[   59.400441] systemd[1]: Set hostname to <ubuntu-xenial>.
[   61.091229] systemd[1]: Created slice System Slice.
[[0;32m  OK  [0m] Created slice System Slice.
[   61.332713] systemd[1]: Created slice system-postgresql.slice.
[[0;32m  OK  [0m] Created slice system-postgresql.slice.
[   61.599930] systemd[1]: Reached target User and Group Name Lookups.
[[0;32m  OK  [0m] Reached target User and Group Name Lookups.
[   61.892043] systemd[1]: Listening on Journal Socket (/dev/log).
[[0;32m  OK  [0m] Listening on Journal Socket (/dev/log).
[   62.187931] systemd[1]: Listening on udev Control Socket.
[[0;32m  OK  [0m] Listening on udev Control Socket.
[   62.448185] systemd[1]: Set up automount Arbitrary Executable File Formats File System Automount Point.
[[0;32m  OK  [0m] Set up automount Arbitrary Executab...ats File System Automount Point.
[   62.860104] systemd[1]: Listening on LVM2 poll daemon socket.
[[0;32m  OK  [0m] Listening on LVM2 poll daemon socket.
[   63.144631] systemd[1]: Listening on udev Kernel Socket.
[[0;32m  OK  [0m] Listening on udev Kernel Socket.
[   63.420218] systemd[1]: Listening on LVM2 metadata daemon socket.
[[0;32m  OK  [0m] Listening on LVM2 metadata daemon socket.
[   63.616929] systemd[1]: Reached target Encrypted Volumes.
[[0;32m  OK  [0m] Reached target Encrypted Volumes.
[   63.618792] systemd[1]: Reached target Swap.
[[0;32m  OK  [0m] Reached target Swap.
[   63.620669] systemd[1]: Created slice User and Session Slice.
[[0;32m  OK  [0m] Created slice User and Session Slice.
[   63.622576] systemd[1]: Reached target Slices.
[[0;32m  OK  [0m] Reached target Slices.
[   63.624253] systemd[1]: Started Forward Password Requests to Wall Directory Watch.
[[0;32m  OK  [0m] Started Forward Password Requests to Wall Directory Watch.
[   63.626711] systemd[1]: Listening on Device-mapper event daemon FIFOs.
[[0;32m  OK  [0m] Listening on Device-mapper event daemon FIFOs.
[   63.628854] systemd[1]: Listening on Journal Audit Socket.
[[0;32m  OK  [0m] Listening on Journal Audit Socket.
[   63.630899] systemd[1]: Created slice system-serial\x2dgetty.slice.
[[0;32m  OK  [0m] Created slice system-serial\x2dgetty.slice.
[   63.632925] systemd[1]: Listening on Syslog Socket.
[[0;32m  OK  [0m] Listening on Syslog Socket.
[   63.634631] systemd[1]: Listening on /dev/initctl Compatibility Named Pipe.
[[0;32m  OK  [0m] Listening on /dev/initctl Compatibility Named Pipe.
[   63.636901] systemd[1]: Listening on Journal Socket.
[[0;32m  OK  [0m] Listening on Journal Socket.
[   63.783696] systemd[1]: Mounting POSIX Message Queue File System...
         Mounting POSIX Message Queue File System...
[   64.079525] systemd[1]: Mounting Huge Pages File System...
         Mounting Huge Pages File System...
[   64.336436] systemd[1]: Starting Remount Root and Kernel File Systems...
         [   64.570985] EXT4-fs (sda1): re-mounted. Opts: (null)
Starting Remount Root and Kernel File Systems...
[   64.788187] systemd[1]: Starting Set console keymap...
         Starting Set console keymap...
[   65.027642] systemd[1]: Starting Journal Service...
         Starting Journal Service...
[   65.271437] systemd[1]: Mounting Debug File System...
         Mounting Debug File System...
[   65.512305] systemd[1]: Starting Create list of required static device nodes for the current kernel...
         Starting Create list of required st... nodes for the current kernel...
[   65.887865] systemd[1]: Starting Load Kernel Modules...
         Starting Load Kernel Modules...
[   66.131700] systemd[1]: Starting Uncomplicated firewall...
         Starting Uncomplicated firewall...
[   66.383189] Loading iSCSI transport class v2.0-870.
[   66.563510] iscsi: registered transport (tcp)
[   66.716052] systemd[1]: Starting Monitoring of LVM2 mirrors, snapshots etc. using dmeventd or progress polling...
         Starting Monitoring of LVM2 mirrors... dmeventd or progress polling...
[   67.119576] systemd[1]: Starting Nameserver information manager...
         Starting Nameserver information manager...
[   67.326616] systemd[1]: Mounted POSIX Message Queue File System.
[[0;32m  OK  [0m] Mounted POSIX Message Queue File System.
[   67.328639] systemd[1]: Mounted Debug File System.
[[0;32m  OK  [0m] Mounted Debug File System.
[   67.330353] systemd[1]: Mounted Huge Pages File System.
[[0;32m  OK  [0m] Mounted Huge Pages File System.
[   67.332232] systemd[1]: Started Journal Service.
[[0;32m  OK  [0m] Started Journal Service.
[[0;32m  OK  [0m] Started Remount Root and Kernel File Systems.
[[0;32m  OK  [0m] Started Set console keymap.
[[0;32m  OK  [0m] Started Create list of required sta...ce nodes for the current kernel.
[[0;32m  OK  [0m] Started Uncomplicated firewall.
[[0;32m  OK  [0m] Started Nameserver information manager.
[   67.364248] iscsi: registered transport (iser)
[[0;32m  OK  [0m] Started Load Kernel Modules.
         Starting Apply Kernel Variables...
         Mounting FUSE Control File System...
[[0;32m  OK  [0m] Started LVM2 metadata daemon.
         Starting Create Static Device Nodes in /dev...
         Starting Load/Save Random Seed...
         Starting udev Coldplug all Devices...
         Starting Initial cloud-init job (pre-networking)...
         Starting Flush Journal to Persistent Storage...
[[0;32m  OK  [0m] Mounted FUSE Control File System.
[[0;32m  OK  [0m] Started Apply Kernel Variables.
[[0;32m  OK  [0m] Started Create Static Device Nodes in /dev.
[[0;32m  OK  [0m] Started Load/Save Random Seed.
[[0;32m  OK  [0m] Started Monitoring of LVM2 mirrors,...ng dmeventd or progress polling.
[[0;32m  OK  [0m] Started udev Coldplug all Devices.
         Starting udev Kernel Device Manager...
[[0;32m  OK  [0m] Started Flush Journal to Persistent Storage.
[[0;32m  OK  [0m] Started udev Kernel Device Manager.
[[0;32m  OK  [0m] Started Dispatch Password Requests to Console Directory Watch.
[[0;32m  OK  [0m] Reached target Local File Systems (Pre).
[[0;32m  OK  [0m] Reached target Local File Systems.
         Starting Tell Plymouth To Write Out Runtime Data...
         Starting Create Volatile Files and Directories...
         Starting LSB: AppArmor initialization...
         Starting Set console font and keymap...
[[0;32m  OK  [0m] Started Tell Plymouth To Write Out Runtime Data.
[[0;32m  OK  [0m] Found device /dev/ttyS0.
[[0;32m  OK  [0m] Started Create Volatile Files and Directories.
[[0;32m  OK  [0m] Reached target System Time Synchronized.
         Starting Update UTMP about System Boot/Shutdown...
[[0;32m  OK  [0m] Found device 82540EM Gigabit Ethern...r (PRO/1000 MT Desktop Adapter).
[[0;32m  OK  [0m] Started Update UTMP about System Boot/Shutdown.
[[0;32m  OK  [0m] Started Set console font and keymap.
[[0;32m  OK  [0m] Listening on Load/Save RF Kill Switch Status /dev/rfkill Watch.
[[0;32m  OK  [0m] Created slice system-getty.slice.
[[0;32m  OK  [0m] Started LSB: AppArmor initialization.
[   47.944093] cloud-init[458]: Cloud-init v. 0.7.9 running 'init-local' at Mon, 10 Apr 2017 10:39:35 +0000. Up 47.18 seconds.
[[0;32m  OK  [0m] Started Initial cloud-init job (pre-networking).
[[0;32m  OK  [0m] Reached target Network (Pre).
[[0;32m  OK  [0m] Started ifup for enp0s3.
         Starting Raise network interfaces...
[[0;32m  OK  [0m] Started Raise network interfaces.
[[0;32m  OK  [0m] Reached target Network.
         Starting Initial cloud-init job (metadata service crawler)...
[   49.452831] cloud-init[967]: Cloud-init v. 0.7.9 running 'init' at Mon, 10 Apr 2017 10:39:37 +0000. Up 48.74 seconds.
[[0;32m  OK  [0m] Started Initial cloud-init job (metadata service crawler).
[   49.592294] cloud-init[967]: ci-info: +++++++++++++++++++++++++++++++++++++Net device info++++++++++++++++++++++++++++++++++++++
[   49.818217] cloud-init[967]: ci-info: +--------+------+----------------------------+---------------+-------+-------------------+
[   49.960973] cloud-init[967]: ci-info: | Device |  Up  |          Address           |      Mask     | Scope |     Hw-Address    |
[   50.100935] cloud-init[967]: ci-info: +--------+------+----------------------------+---------------+-------+-------------------+
[[0;32m  OK  [0m] Reached target Cloud-config availability.
[[0;32m  OK  [0m] Reached target System Initialization.
[   50.220288] cloud-init[967]: ci-info: |   lo   | True |         127.0.0.1          |   255.0.0.0   |   .   |         .         |
[   50.481546] cloud-init[967]: ci-info: |   lo   | True |          ::1/128           |       .       |  host |         .         |
[[0;32m  OK  [0m] Started Trigger resolvconf update for networkd DNS.
[[0;32m  OK  [0m] Listening on ACPID Listen Socket.
[   50.616333] cloud-init[967]: ci-info: | enp0s3 | True |         10.0.2.15          | 255.255.255.0 |   .   | 02:1b:66:ab:e9:71 |
[   50.912662] cloud-init[967]: ci-info: | enp0s3 | True | fe80::1b:66ff:feab:e971/64 |       .       |  link | 02:1b:66:ab:e9:71 |
[[0;32m  OK  [0m] Started Daily Cleanup of Temporary Directories.
[[0;32m  OK  [0m] Listening on D-Bus System Message Bus Socket.
[   51.004471] cloud-init[967]: ci-info: +--------+------+----------------------------+---------------+-------+-------------------+
[   51.264697] cloud-init[967]: ci-info: +++++++++++++++++++++++++++Route IPv4 info++++++++++++++++++++++++++++
[   51.378256] cloud-init[967]: ci-info: +-------+-------------+----------+---------------+-----------+-------+
[[0;32m  OK  [0m] Started Daily apt activities.
         Starting Socket activation for snappy daemon.
[[0;32m  OK  [0m] Started Timer to automatically refresh installed snaps.
[   51.499274] cloud-init[967]: ci-info: | Route | Destination | Gateway  |    Genmask    | Interface | Flags |
[   51.793520] [cloud-init[0;32m  OK  [0m[967]: ] ci-info: +-------+-------------+----------+---------------+-----------+-------+Reached target Timers.

[   51.795035] cloud-init[967]: ci-info: |   0   |   0.0.0.0   | 10.0.2.2 |    0.0.0.0    |   enp0s3  |   UG  |
[   52.077018]          cloud-initStarting LXD - unix socket.[967]: 
ci-info: |   1   |   10.0.2.0  | 0.0.0.0  | 255.255.255.0 |   enp0s3  |   U   |
[   52.125645] [cloud-init[0;32m  OK  [0m[967]: ] ci-info: +-------+-------------+----------+---------------+-----------+-------+Started ACPI Events Check.

[[0;32m  OK  [0m] Reached target Paths.
[[0;32m  OK  [0m] Listening on UUID daemon activation socket.
[[0;32m  OK  [0m] Reached target Network is Online.
         Starting iSCSI initiator daemon (iscsid)...
[[0;32m  OK  [0m] Listening on Socket activation for snappy daemon.
[[0;32m  OK  [0m] Listening on LXD - unix socket.
[[0;32m  OK  [0m] Reached target Sockets.
[[0;32m  OK  [0m] Reached target Basic System.
         Starting LXD - container startup/shutdown...
[[0;32m  OK  [0m] Started D-Bus System Message Bus.
[[0;32m  OK  [0m] Started Regular background program processing daemon.
         Starting /etc/rc.local Compatibility...
         Starting Apply the settings specified in cloud-config...
         Starting OpenBSD Secure Shell server...
         Starting Advanced key-value store...
[[0;32m  OK  [0m] Started ACPI event daemon.
[[0;32m  OK  [0m] Started FUSE filesystem for LXC.
         Starting Daily apt activities...
         Starting Login Service...
         Starting vboxadd-x11.service...
         Starting Accounts Service...
         Starting System Logging Service...
[[0;32m  OK  [0m] Started Deferred execution scheduler.
[   54.245657] cloud-init[1032]: Cloud-init v. 0.7.9 running 'modules:config' at Mon, 10 Apr 2017 10:39:42 +0000. Up 53.68 seconds.
         Starting LSB: MD monitoring daemon...
         Starting vboxadd.service...
         Starting LSB: Record successful boot for GRUB...
         Starting PostgreSQL Cluster 9.6-main...
[[0;32m  OK  [0m] Started Snappy daemon.
         Starting Auto import assertions from block devices...
[[0;32m  OK  [0m] Started iSCSI initiator daemon (iscsid).
[[0;32m  OK  [0m] Started /etc/rc.local Compatibility.
[[0;32m  OK  [0m] Started Apply the settings specified in cloud-config.
[[0;32m  OK  [0m] Started Auto import assertions from block devices.
[[0;32m  OK  [0m] Started OpenBSD Secure Shell server.
[[0;32m  OK  [0m] Started vboxadd-x11.service.
         Starting Login to default iSCSI targets...
[[0;32m  OK  [0m] Started Login Service.
[[0;32m  OK  [0m] Started System Logging Service.
[[0;32m  OK  [0m] Started LSB: Record successful boot for GRUB.
[[0;32m  OK  [0m] Started LSB: MD monitoring daemon.
[[0;32m  OK  [0m] Started LXD - container startup/shutdown.
[[0;32m  OK  [0m] Started Login to default iSCSI targets.
[[0;32m  OK  [0m] Reached target Remote File Systems (Pre).
[[0;32m  OK  [0m] Reached target Remote File Systems.
         Starting LSB: daemon to balance interrupts for SMP systems...
         Starting Permit User Sessions...
         Starting LSB: automatic crash report generation...
         Starting LSB: Set the CPU Frequency Scaling governor to "ondemand"...
         Starting LSB: Start/stop sysstat's sadc...
[[0;32m  OK  [0m] Started Permit User Sessions.
[[0;32m  OK  [0m] Started LSB: Set the CPU Frequency Scaling governor to "ondemand".
[[0;32m  OK  [0m] Started LSB: daemon to balance interrupts for SMP systems.
[[0;32m  OK  [0m] Started vboxadd.service.
[[0;32m  OK  [0m] Started Advanced key-value store.
[[0;32m  OK  [0m] Started LSB: Start/stop sysstat's sadc.
[[0;32m  OK  [0m] Started LSB: automatic crash report generation.
[[0;32m  OK  [0m] Created slice User Slice of ubuntu.
         Starting User Manager for UID 1000...
[[0;32m  OK  [0m] Started Session 1 of user ubuntu.
         Starting vboxadd-service.service...
         Starting Authenticate and Authorize Users to Run Privileged Tasks...
         Starting Hold until boot process finishes up...
         Starting Terminate Plymouth Boot Screen...
[[0;32m  OK  [0m] Started User Manager for UID 1000.
[[0;32m  OK  [0m] Started vboxadd-service.service.
[[0;32m  OK  [0m] Started Hold until boot process finishes up.
[[0;32m  OK  [0m] Started Terminate Plymouth Boot Screen.
[[0;32m  OK  [0m] Started Authenticate and Authorize Users to Run Privileged Tasks.
[[0;32m  OK  [0m] Started Accounts Service.
[[0;32m  OK  [0m] Started Serial Getty on ttyS0.
         Starting Set console scheme...
[[0;32m  OK  [0m] Started Getty on tty1.
[[0;32m  OK  [0m] Reached target Login Prompts.
[[0;32m  OK  [0m] Started Set console scheme.
[[0;32m  OK  [0m] Started PostgreSQL Cluster 9.6-main.
         Starting PostgreSQL RDBMS...
[[0;32m  OK  [0m] Started PostgreSQL RDBMS.
[[0;32m  OK  [0m] Reached target Multi-User System.
[[0;32m  OK  [0m] Reached target Graphical Interface.
         Starting Update UTMP about System Runlevel Changes...
         Starting Execute cloud user/final scripts...
[[0;32m  OK  [0m] Started Update UTMP about System Runlevel Changes.
[   62.718537] cloud-init[2140]: Cloud-init v. 0.7.9 running 'modules:final' at Mon, 10 Apr 2017 10:39:51 +0000. Up 62.56 seconds.
[   62.872270] cloud-init[2140]: Cloud-init v. 0.7.9 finished at Mon, 10 Apr 2017 10:39:51 +0000. Datasource DataSourceNoCloud [seed=/dev/sdb][dsmode=net].  Up 62.71 seconds
[[0;32m  OK  [0m] Started Execute cloud user/final scripts.
[[0;32m  OK  [0m] Reached target Cloud-init target.

Ubuntu 16.04.2 LTS ubuntu-xenial ttyS0

ubuntu-xenial login: 